[dotenv@17.3.1] injecting env (8) from .env -- tip: ≡ƒöÉ prevent building .env in docker: https://dotenvx.com/prebuild
[dotenv@17.3.1] injecting env (0) from .env -- tip: ΓÜÖ∩╕Å  suppress all logs with { quiet: true }
Step 1: Downloading images...
node : (node:26580) Warning: Setting the NODE_TLS_REJECT_UNAUTHORIZED environment 
variable to '0' makes TLS connections and HTTPS requests insecure by disabling 
certificate verification.
At line:1 char:1
+ node test-vton.js 2>&1 > test-result.txt; type test-result.txt
+ ~~~~~~~~~~~~~~~~~~~~~~~~~~~~~~~~~~~~~~~~
    + CategoryInfo          : NotSpecified: ((node:26580) Wa...e verification.:String 
   ) [], RemoteException
    + FullyQualifiedErrorId : NativeCommandError
 
(Use `node --trace-warnings ...` to show where the warning was created)
Γ£à Person: 42755 bytes | Garment: 31303 bytes

Step 2: Compositing with sharp...
Γ£à Composited image: 33269 bytes

Step 3: Uploading to Cloudinary...
Γ£à Result URL: https://res.cloudinary.com/dusq3tohv/image/upload/v1775550646/tryon_test/ade5jzjo0o2olifcrkrh.jpg
